ClassI (ClassD [] T10891_Classes.C [KindedTV a_1627391365 StarT] [] [SigD T10891_Classes.f (ForallT [KindedTV a_1627391365 StarT] [AppT (ConT T10891_Classes.C) (VarT a_1627391365)] (AppT (AppT ArrowT (VarT a_1627391365)) (ConT GHC.Types.Int)))]) []
ClassI (ClassD [] T10891_Classes.C' [KindedTV a_1627391346 StarT] [] [OpenTypeFamilyD T10891_Classes.F [KindedTV a_1627391346 StarT] (KindSig StarT) Nothing,TySynInstD T10891_Classes.F (TySynEqn [VarT a_1627391346] (VarT a_1627391346)),SigD T10891_Classes.f' (ForallT [KindedTV a_1627391346 StarT] [AppT (ConT T10891_Classes.C') (VarT a_1627391346)] (AppT (AppT ArrowT (VarT a_1627391346)) (ConT GHC.Types.Int)))]) [InstanceD [] (AppT (ConT T10891_Classes.C') (ConT GHC.Types.Int)) []]
ClassI (ClassD [] T10891_Classes.C'' [KindedTV a_1627391345 StarT] [] [DataFamilyD T10891_Classes.Fd [KindedTV a_1627391345 StarT] (Just StarT)]) [InstanceD [] (AppT (ConT T10891_Classes.C'') (ConT GHC.Types.Int)) []]
