Left: 1
Right: (False,"msg")
Rec (Right: True) (Alt3: 123)
D 10 (Left: 11)
