Running stg plugin on 8 bindings.
Program Started
Right
Program Ended
