[1 of 1] Compiling T12567a          ( T12567a.hs, T12567a.o )
Simple Plugin Passes Queried
Got options: 
Simple Plugin Pass Run
Running stg plugin on 3 bindings.
[1 of 1] Compiling T12567a          ( T12567a.hs, T12567a.o ) [Simple.Plugin changed]
[1 of 2] Compiling T12567a          ( T12567a.hs, T12567a.o ) [Simple.Plugin changed]
Simple Plugin Passes Queried
Got options: 
Simple Plugin Pass Run
Running stg plugin on 3 bindings.
[2 of 2] Compiling T12567b          ( T12567b.hs, T12567b.o )
